ASUS@LAPTOP-LQKKSUUT MINGW64 /D/OneDrive/Spring-Full-Stack-App (master)
$ git init
Reinitialized existing Git repository in D:/OneDrive/Spring-Full-Stack-App/.git/

ASUS@LAPTOP-LQKKSUUT MINGW64 /D/OneDrive/Spring-Full-Stack-App (master)
$ git add README.md

ASUS@LAPTOP-LQKKSUUT MINGW64 /D/OneDrive/Spring-Full-Stack-App (master)
$ git commit -m "first commit"
On branch master
Untracked files:
  (use "git add <file>..." to include in what will be committed)
        data.txt

nothing added to commit but untracked files present (use "git add" to track)

ASUS@LAPTOP-LQKKSUUT MINGW64 /D/OneDrive/Spring-Full-Stack-App (master)
$ git add .
warning: LF will be replaced by CRLF in data.txt.
The file will have its original line endings in your working directory

ASUS@LAPTOP-LQKKSUUT MINGW64 /D/OneDrive/Spring-Full-Stack-App (master)
$ git commit -m "first commit"
[master 018fdbd] first commit
 1 file changed, 1 insertion(+)
 create mode 100644 data.txt

ASUS@LAPTOP-LQKKSUUT MINGW64 /D/OneDrive/Spring-Full-Stack-App (master)
$ git remote add origin https://github.com/saurabhsb83/Spring-Boot-Angular.git

ASUS@LAPTOP-LQKKSUUT MINGW64 /D/OneDrive/Spring-Full-Stack-App (master)
$ git push -u origin master
Enumerating objects: 11, done.
Counting objects: 100% (11/11), done.
Delta compression using up to 12 threads
Compressing objects: 100% (8/8), done.
Writing objects: 100% (11/11), 2.27 KiB | 258.00 KiB/s, done.
Total 11 (delta 1), reused 0 (delta 0), pack-reused 0
remote: Resolving deltas: 100% (1/1), done.
To https://github.com/saurabhsb83/Spring-Boot-Angular.git
 * [new branch]      master -> master
Branch 'master' set up to track remote branch 'master' from 'origin'.

ASUS@LAPTOP-LQKKSUUT MINGW64 /D/OneDrive/Spring-Full-Stack-App (master)
